// Vitest Snapshot v1

exports[`applies the transform flop=false 1`] = `"64db99769cd8b1dfe79a5e5d2ab0359623103ddd"`;

exports[`applies the transform flop=true 1`] = `"4e72cf92bca07add4843af4298f3ea9f4056de15"`;

exports[`doesn't apply the transform flop=0 1`] = `"64db99769cd8b1dfe79a5e5d2ab0359623103ddd"`;

exports[`doesn't apply the transform flop=1 1`] = `"64db99769cd8b1dfe79a5e5d2ab0359623103ddd"`;

exports[`doesn't apply the transform flop=foo 1`] = `"64db99769cd8b1dfe79a5e5d2ab0359623103ddd"`;
