// Vitest Snapshot v1

exports[`applies the transform median=0 1`] = `"64db99769cd8b1dfe79a5e5d2ab0359623103ddd"`;

exports[`applies the transform median=1 1`] = `"64db99769cd8b1dfe79a5e5d2ab0359623103ddd"`;

exports[`applies the transform median=10 1`] = `"ba11a24e0dda9540deb5cbcc929d716fc87864c9"`;

exports[`applies the transform median=true 1`] = `"51daa445b919e0977701074593041add2b01fd78"`;
