// Vitest Snapshot v1

exports[`applies the transform negate=false 1`] = `"64db99769cd8b1dfe79a5e5d2ab0359623103ddd"`;

exports[`applies the transform negate=true 1`] = `"f4040a8bcc6c3cbcebca62633c05aaa8fc0959d7"`;
